============================================================
  ApplyAI - End-to-End Pipeline Test
============================================================

[1/4] Parsing resume PDF...
  Looking for: C:\Users\Deepak Behera\Desktop\CLAUDE\Apply-AI\Deepak's_Resume.pdf
  OK - Extracted 2731 characters from resume
  Preview: Deepak Behera
+91 9178153588
Bachelor of Technology (CSE)
db09762@gmail.com
GIET University, Gunupur, Odisha
LinkedIn ΓÇö GitHub ΓÇö LeetCode
Education
Ye...

[2/4] Scraping job posting...
  OK - Scraped 8760 characters from job posting
  Preview: Sony Research India hiring LLM Research Intern in Bengaluru, Karnataka, India | LinkedIn
Agree & Join LinkedIn
By clicking Continue to join or sign in...

[3/4] Running agent pipeline (this may take 30-60s)...

[4/4] Results:
  Status: AgentStatus.FAILED
  Errors: ['Job analyst failed: The api_key client option must be set either by passing api_key to the client or by setting the GROQ_API_KEY environment variable']

  Optimized Resume: 2731 chars
     Preview: Deepak Behera
+91 9178153588
Bachelor of Technology (CSE)
db09762@gmail.com
GIET University, Gunupur, Odisha
LinkedIn ΓÇö GitHub ΓÇö LeetCode
Education
Ye...

============================================================
  Pipeline completed with issues - check errors above
============================================================
